---
source: crates/macros/src/codegen.rs
expression: formatted
---
fn my_test(#[context] __rstest_insta__ctx: Context) {
    println!("Hello, World!")
}
