---
source: crates/macros/src/codegen.rs
expression: formatted
---
fn my_test(#[context] my_context: Context) {
    println!("Hello, World!")
}
