---
source: crates/macros/src/codegen.rs
expression: "test_helpers::pretty(expanded)"
---
fn my_test(#[context] my_context: Context) {
    println!("Hello, World!")
}
